// Vitest Snapshot v1, https://vitest.dev/guide/snapshot.html

exports[`SettingsView i18n coverage > matches snapshots for settings labels in English and es-PE > settings labels (en) 1`] = `
{
  "announceSettings": "Announce settings",
  "disableTint": "Disable screen tint",
  "enableTint": "Enable screen tint",
  "onboarding.accessibility.allowMotion": "Allow gentle motion",
  "onboarding.accessibility.dyslexicFont": "OpenDyslexic style",
  "onboarding.accessibility.helper": "We apply these readability and sensory settings everywhere for a consistent, predictable layout.",
  "onboarding.accessibility.largeText": "Larger text size",
  "onboarding.accessibility.reduceMotion": "Reduce motion",
  "onboarding.accessibility.standardFont": "Standard body text",
  "onboarding.summary.disabled": "Disabled",
  "onboarding.summary.enabled": "Enabled",
  "settings": "Settings",
  "settingsAnimationHelper": "Disable non-essential animations to keep the interface calm.",
  "settingsAnimationLabel": "Allow animations",
  "settingsAnimationOff": "Animations limited",
  "settingsAnimationOn": "Animations enabled",
  "settingsCurrentValue": "Current: {{value}}",
  "settingsDescription": "Personalise accessibility preferences and control gamification.",
  "settingsFontHelper": "Switch to dyslexia-friendly fonts or larger text for steadier reading.",
  "settingsFontLabel": "Reading style",
  "settingsGamificationHelper": "Opt in to XP, streaks, and cosmetic unlocks. You can disable this any time.",
  "settingsGamificationLabel": "Gamification",
  "settingsModuleAriaLabel": "Settings module",
  "settingsMotionHelper": "Reduce motion to lower sensory load; we only animate essentials.",
  "settingsMotionLabel": "Motion preference",
  "settingsThemeHelper": "Choose light, dark, or high-contrast to reduce visual strain.",
  "settingsThemeLabel": "Theme mode",
  "settingsTtsHelper": "Keep audible cues on if you prefer reminders read aloud.",
  "settingsTtsLabel": "Text-to-speech reminders",
  "speaking": "Speaking…",
  "sync.entity.event": "Event",
  "sync.entity.task": "Task",
  "sync.entity.transaction": "Transaction",
  "sync.reviewConflictLabel": "Conflict in {{entity}}",
  "sync.reviewDetected": "Detected: {{timestamp}}",
  "sync.reviewEmpty": "No sync conflicts to review.",
  "sync.reviewHelper": "Review changes that could not sync yet and choose which version to keep.",
  "sync.reviewKeepLocal": "Keep my changes",
  "sync.reviewTitle": "Offline sync review",
  "sync.reviewUseRemote": "Use server version",
  "theme.dark": "Dark",
  "theme.highContrast": "High contrast",
  "theme.light": "Light",
}
`;

exports[`SettingsView i18n coverage > matches snapshots for settings labels in English and es-PE > settings labels (es-PE) 1`] = `
{
  "announceSettings": "Anunciar configuración",
  "disableTint": "Desactivar tinte de pantalla",
  "enableTint": "Activar tinte de pantalla",
  "onboarding.accessibility.allowMotion": "Permitir movimiento suave",
  "onboarding.accessibility.dyslexicFont": "Estilo OpenDyslexic",
  "onboarding.accessibility.helper": "Aplicamos estas configuraciones de lectura y sensoriales en todo el app para un diseño consistente y predecible.",
  "onboarding.accessibility.largeText": "Texto más grande",
  "onboarding.accessibility.reduceMotion": "Reducir movimiento",
  "onboarding.accessibility.standardFont": "Texto estándar",
  "onboarding.summary.disabled": "Deshabilitado",
  "onboarding.summary.enabled": "Habilitado",
  "settings": "Configuración",
  "settingsAnimationHelper": "Desactiva animaciones no esenciales para mantener la interfaz calmada.",
  "settingsAnimationLabel": "Permitir animaciones",
  "settingsAnimationOff": "Animaciones limitadas",
  "settingsAnimationOn": "Animaciones activadas",
  "settingsCurrentValue": "Actual: {{value}}",
  "settingsDescription": "Personaliza accesibilidad y controla la gamificación.",
  "settingsFontHelper": "Cambia a fuentes amigables con la dislexia o texto más grande para una lectura estable.",
  "settingsFontLabel": "Estilo de lectura",
  "settingsGamificationHelper": "Activa XP, rachas y desbloqueos cosméticos. Puedes desactivarlo cuando quieras.",
  "settingsGamificationLabel": "Gamificación",
  "settingsModuleAriaLabel": "Módulo de configuración",
  "settingsMotionHelper": "Reduce el movimiento para bajar la carga sensorial; solo animamos lo esencial.",
  "settingsMotionLabel": "Preferencia de movimiento",
  "settingsThemeHelper": "Elige claro, oscuro o alto contraste para reducir el esfuerzo visual.",
  "settingsThemeLabel": "Modo de tema",
  "settingsTtsHelper": "Mantén las señales audibles si prefieres que te lean los recordatorios.",
  "settingsTtsLabel": "Recordatorios de texto a voz",
  "speaking": "Hablando…",
  "sync.entity.event": "Evento",
  "sync.entity.task": "Tarea",
  "sync.entity.transaction": "Transacción",
  "sync.reviewConflictLabel": "Conflicto en {{entity}}",
  "sync.reviewDetected": "Detectado: {{timestamp}}",
  "sync.reviewEmpty": "No hay conflictos de sincronización pendientes.",
  "sync.reviewHelper": "Revisa los cambios que no pudieron sincronizarse y elige qué versión conservar.",
  "sync.reviewKeepLocal": "Mantener mis cambios",
  "sync.reviewTitle": "Revisión de sincronización offline",
  "sync.reviewUseRemote": "Usar versión del servidor",
  "theme.dark": "Oscuro",
  "theme.highContrast": "Alto contraste",
  "theme.light": "Claro",
}
`;
